// Vitest Snapshot v1, https://vitest.dev/guide/snapshot.html

exports[`basic > composed handler 1`] = `
{
  "components": {},
  "info": {
    "description": "Development documentation",
    "title": "Hono Documentation",
    "version": "0.0.0",
  },
  "openapi": "3.1.0",
  "paths": {
    "/": {
      "get": {
        "description": "This is sub app route",
        "operationId": "getIndex",
        "responses": {
          "200": {
            "content": {
              "application/json": {
                "schema": {
                  "properties": {
                    "message": {
                      "type": "string",
                    },
                  },
                  "required": [
                    "message",
                  ],
                  "type": "object",
                },
              },
            },
            "description": "Success",
          },
          "500": {
            "content": {
              "application/json": {
                "schema": {
                  "properties": {
                    "message": {
                      "type": "string",
                    },
                  },
                  "required": [
                    "message",
                  ],
                  "type": "object",
                },
              },
            },
            "description": "Error",
          },
        },
      },
    },
  },
  "tags": undefined,
}
`;

exports[`basic > hide with a boolean value 1`] = `
{
  "components": {},
  "info": {
    "description": "Development documentation",
    "title": "Hono Documentation",
    "version": "0.0.0",
  },
  "openapi": "3.1.0",
  "paths": {},
  "tags": undefined,
}
`;

exports[`basic > hide with a function 1`] = `
{
  "components": {},
  "info": {
    "description": "Development documentation",
    "title": "Hono Documentation",
    "version": "0.0.0",
  },
  "openapi": "3.1.0",
  "paths": {},
  "tags": undefined,
}
`;

exports[`basic hide with a boolean value 1`] = `
{
  "components": {},
  "info": {
    "description": "Development documentation",
    "title": "Hono Documentation",
    "version": "0.0.0",
  },
  "openapi": "3.1.0",
  "paths": {},
  "tags": undefined,
}
`;

exports[`basic hide with a function 1`] = `
{
  "components": {},
  "info": {
    "description": "Development documentation",
    "title": "Hono Documentation",
    "version": "0.0.0",
  },
  "openapi": "3.1.0",
  "paths": {},
  "tags": undefined,
}
`;

exports[`basic composed handler 1`] = `
{
  "components": {},
  "info": {
    "description": "Development documentation",
    "title": "Hono Documentation",
    "version": "0.0.0",
  },
  "openapi": "3.1.0",
  "paths": {
    "/": {
      "get": {
        "description": "This is sub app route",
        "operationId": "getIndex",
        "responses": {
          "200": {
            "content": {
              "application/json": {
                "schema": {
                  "properties": {
                    "message": {
                      "type": "string",
                    },
                  },
                  "required": [
                    "message",
                  ],
                  "type": "object",
                },
              },
            },
            "description": "Success",
          },
          "500": {
            "content": {
              "application/json": {
                "schema": {
                  "properties": {
                    "message": {
                      "type": "string",
                    },
                  },
                  "required": [
                    "message",
                  ],
                  "type": "object",
                },
              },
            },
            "description": "Error",
          },
        },
      },
    },
  },
  "tags": undefined,
}
`;
